[dreammytriptourism.com/index.html]
[backblue.gif]
[fade.gif]
[index.html]
[dreammytriptourism.com/front/images/icon/favicon-dmt.png]
[dreammytriptourism.com/front/css/font-awesome.min.css]
[dreammytriptourism.com/front/css/style.css]
[dreammytriptourism.com/front/css/materialize.css]
[dreammytriptourism.com/front/css/bootstrap.css]
[dreammytriptourism.com/front/css/mob.css]
[dreammytriptourism.com/front/css/animate.css]
[unpkg.com/swiper/swiper-bundle.min.7.delayed]
[unpkg.com/swiper@8.1.4/swiper-bundle.min.css]
[dreammytriptourism.com/front/images/dream_my_trip.png]
[dreammytriptourism.com/all-package/leh-ladakh-packages.html]
[dreammytriptourism.com/all-package/uttarakhand-packaegs.html]
[dreammytriptourism.com/all-package/darjeeling-packages.html]
[dreammytriptourism.com/all-package/hyderabad-packages.html]
[dreammytriptourism.com/all-package/mumbai-packages.html]
[dreammytriptourism.com/all-package/punjab-packages.html]
[dreammytriptourism.com/all-package/delhi-packages.html]
[dreammytriptourism.com/all-package/agra-packages.html]
[dreammytriptourism.com/all-package/madhya-pradesh-packages.html]
[dreammytriptourism.com/all-package/north-east-packages.html]
[dreammytriptourism.com/all-package/goa-trip.html]
[dreammytriptourism.com/all-package/himachal-pradesh-packages.html]
[dreammytriptourism.com/all-package/rajasthan-packages.html]
[dreammytriptourism.com/all-package/coorg-ooty-packages.html]
[dreammytriptourism.com/all-package/dubai.html]
[dreammytriptourism.com/all-package/thailand-packages.html]
[dreammytriptourism.com/all-package/nepal-packages.html]
[dreammytriptourism.com/all-package/egypt-packages.html]
[dreammytriptourism.com/all-package/europe-packages.html]
[dreammytriptourism.com/all-package/sri-lanka-packages.html]
[dreammytriptourism.com/all-package/hong-kong-packages.html]
[dreammytriptourism.com/all-package/russia-packages.html]
[dreammytriptourism.com/all-package/singapore-packages.html]
[dreammytriptourism.com/all-package/mauritius-packages.html]
[dreammytriptourism.com/all-package/australia-packages.html]
[dreammytriptourism.com/all-package/usa-packages.html]
[dreammytriptourism.com/all-package/malaysia-packages.html]
[dreammytriptourism.com/all-package/canada.html]
[dreammytriptourism.com/all-package/switzerland-packages.html]
[dreammytriptourism.com/all-package/indonesia-bali.html]
[dreammytriptourism.com/all-package/greece-packages.html]
[dreammytriptourism.com/all-package/lakshadweep-packages.html]
[dreammytriptourism.com/about-us.html]
[dreammytriptourism.com/contact-us.html]
[dreammytriptourism.com/bannerimage/94481863.jpg]
[dreammytriptourism.com/page/myaccounts/index.html]
[dreammytriptourism.com/bannerimage/91630601.jpg]
[dreammytriptourism.com/page/agents/index.html]
[dreammytriptourism.com/bannerimage/86957992.jpg]
[dreammytriptourism.com/front/images/icon/visa-application.jpg]
[dreammytriptourism.com/front/images/icon/train-stopped.jpg]
[dreammytriptourism.com/front/images/icon/taxi-app.jpg]
[dreammytriptourism.com/tripimage/55835570.jpg]
[dreammytriptourism.com/all-package/andaman-nicobar-packages.html]
[dreammytriptourism.com/tripimage/10099379.jpg]
[dreammytriptourism.com/tripimage/83566848.jpg]
[dreammytriptourism.com/all-package/jammu-kashmir-package.html]
[dreammytriptourism.com/tripimage/44622096.jpg]
[dreammytriptourism.com/all-package/kerala-packages.html]
[dreammytriptourism.com/tripimage/20132328.jpg]
[dreammytriptourism.com/tripimage/53946231.jpg]
[dreammytriptourism.com/domestic-trips.html]
[dreammytriptourism.com/tripimage/97082481.jpg]
[dreammytriptourism.com/weekend-trips.html]
[dreammytriptourism.com/tripimage/93109283.jpg]
[dreammytriptourism.com/tripimage/33281857.jpg]
[dreammytriptourism.com/tripimage/80641774.jpg]
[dreammytriptourism.com/tripimage/31871416.jpg]
[dreammytriptourism.com/tripimage/13081794.png]
[dreammytriptourism.com/international-trips.html]
[dreammytriptourism.com/tripimage/76941293.jpg]
[dreammytriptourism.com/all-package/goa-packages.html]
[dreammytriptourism.com/tripimage/45800628.jpg]
[dreammytriptourism.com/dream-trips.html]
[dreammytriptourism.com/hotelimage/82591817.jpg]
[dreammytriptourism.com/hotelimage/58627745.jpg]
[dreammytriptourism.com/hotelimage/35301998.jpg]
[dreammytriptourism.com/profileimage/74581147.jpg]
[dreammytriptourism.com/front/images/icon/dis1.png]
[dreammytriptourism.com/front/images/icon/dis2.png]
[dreammytriptourism.com/front/images/icon/dis3.png]
[dreammytriptourism.com/front/images/icon/dis4.png]
[dreammytriptourism.com/projectimage/66898754.jpg]
[dreammytriptourism.com/projectimage/29909343.jpg]
[dreammytriptourism.com/projectimage/38247172.jpg]
[dreammytriptourism.com/projectimage/91117741.jpg]
[dreammytriptourism.com/payment-security.html]
[dreammytriptourism.com/privacy-policy.html]
[dreammytriptourism.com/user-agreement.html]
[dreammytriptourism.com/terms-conditions.html]
[dreammytriptourism.com/feedback.html]
[dreammytriptourism.com/disclaimer.html]
[dreammytriptourism.com/blogs.html]
[dreammytriptourism.com/front/images/icon/amexcredit.jpg]
[dreammytriptourism.com/front/images/icon/MasterCard1.png]
[dreammytriptourism.com/front/images/icon/visa.png]
[dreammytriptourism.com/front/images/icon/paypal.png]
[dreammytriptourism.com/front/images/icon/rupay.png]
[dreammytriptourism.com/front/js/jquery-latest.min.js]
[dreammytriptourism.com/front/js/bootstrap.js]
[dreammytriptourism.com/front/js/wow.min.js]
[dreammytriptourism.com/front/js/materialize.min.js]
[dreammytriptourism.com/front/js/custom.js]
[unpkg.com/swiper/swiper-bundle.min.66.delayed]
[dreammytriptourism.com/index.html]
[unpkg.com/swiper@8.1.4/swiper-bundle.min.js]
[dreammytriptourism.com/front/fonts/fontawesome-webfont3e6e3e6e.eot]
[dreammytriptourism.com/front/fonts/fontawesome-webfontd41dd41d.eot]
[dreammytriptourism.com/front/fonts/fontawesome-webfont3e6e3e6e.woff2]
[dreammytriptourism.com/front/fonts/fontawesome-webfont3e6e3e6e.woff]
[dreammytriptourism.com/front/fonts/fontawesome-webfont3e6e3e6e.ttf]
[dreammytriptourism.com/front/css/font-awesome.min.css]
[dreammytriptourism.com/front/images/bannerbg.jpg]
[dreammytriptourism.com/front/images/banner.jpg]
[dreammytriptourism.com/front/images/consul-bg.jpg]
[dreammytriptourism.com/front/images/searchicon.png]
[dreammytriptourism.com/front/images/cloud.png]
[dreammytriptourism.com/front/images/tipsbg.jpg]
[dreammytriptourism.com/front/images/tips1.png]
[dreammytriptourism.com/front/images/tips2.png]
[dreammytriptourism.com/front/images/tips3.png]
[dreammytriptourism.com/front/images/testi_img.png]
[dreammytriptourism.com/front/images/f1.png]
[dreammytriptourism.com/front/images/f2.png]
[dreammytriptourism.com/front/images/list-p-bg.jpg]
[dreammytriptourism.com/front/images/banner/3.jpg]
[dreammytriptourism.com/front/images/banner/4.jpg]
[dreammytriptourism.com/front/images/banner/5.jpg]
[dreammytriptourism.com/front/images/flag.png]
[dreammytriptourism.com/front/images/tick.png]
[dreammytriptourism.com/front/images/umbrella.png]
[dreammytriptourism.com/front/images/book-bg.png]
[dreammytriptourism.com/front/images/preloader.gif]
[dreammytriptourism.com/front/images/consul-bg-2.jpg]
[dreammytriptourism.com/front/images/1.png]
[dreammytriptourism.com/front/images/2.png]
[dreammytriptourism.com/front/images/icon/search.png]
[dreammytriptourism.com/front/images/icon/db-arrow.png]
[dreammytriptourism.com/front/images/slider/1.jpg]
[dreammytriptourism.com/front/images/left-arrow.png]
[dreammytriptourism.com/front/images/right-arrow.png]
[dreammytriptourism.com/front/images/search-bg.png]
[dreammytriptourism.com/front/images/placebg.jpg]
[dreammytriptourism.com/front/css/style.css]
[dreammytriptourism.com/front/css/materialize.css]
[dreammytriptourism.com/front/css/bootstrap.css]
[dreammytriptourism.com/front/images/home_left.jpg]
[dreammytriptourism.com/front/css/mob.css]
[dreammytriptourism.com/front/css/animate.css]
[unpkg.com/swiper@8.1.4/swiper-bundle.min.css]
[dreammytriptourism.com/all-package/leh-ladakh-packages.html]
[dreammytriptourism.com/tour-details/mussoorie-package.html]
[dreammytriptourism.com/front/images/icon/a14.png]
[dreammytriptourism.com/front/images/icon/a15.png]
[dreammytriptourism.com/front/images/icon/a16.png]
[dreammytriptourism.com/front/images/icon/dbl4.png]
[dreammytriptourism.com/all-package/uttarakhand-packaegs.html]
[dreammytriptourism.com/all-package/darjeeling-packages.html]
[dreammytriptourism.com/all-package/hyderabad-packages.html]
[dreammytriptourism.com/all-package/mumbai-packages.html]
[dreammytriptourism.com/all-package/punjab-packages.html]
[dreammytriptourism.com/all-package/delhi-packages.html]
[dreammytriptourism.com/tour-details/agra-trip.html]
[dreammytriptourism.com/all-package/agra-packages.html]
[dreammytriptourism.com/tour-details/agra.html]
[dreammytriptourism.com/all-package/madhya-pradesh-packages.html]
[dreammytriptourism.com/all-package/north-east-packages.html]
[dreammytriptourism.com/all-package/goa-trip.html]
[dreammytriptourism.com/tour-details/manali-kasol-solang-tour-packages.html]
[dreammytriptourism.com/subtripimage/67623497.Manali 2185184.jpg]
[dreammytriptourism.com/tour-details/manali-tour-package.html]
[dreammytriptourism.com/tour-details/manali-package-by-volvo-bus.html]
[dreammytriptourism.com/tour-details/adventure-at-camp-tirthan.html]
[dreammytriptourism.com/tour-details/manali-kasol-solang-valley-and-shishu.html]
[dreammytriptourism.com/all-package/himachal-pradesh-packages.html]
[dreammytriptourism.com/tour-details/shimla-and-kufri.html]
[dreammytriptourism.com/all-package/rajasthan-packages.html]
[dreammytriptourism.com/all-package/coorg-ooty-packages.html]
[dreammytriptourism.com/all-package/dubai.html]
[dreammytriptourism.com/tour-details/rajasthan-package-jaipur.html]
[dreammytriptourism.com/all-package/thailand-packages.html]
[dreammytriptourism.com/all-package/nepal-packages.html]
[dreammytriptourism.com/all-package/egypt-packages.html]
[dreammytriptourism.com/all-package/europe-packages.html]
[dreammytriptourism.com/all-package/sri-lanka-packages.html]
[dreammytriptourism.com/all-package/hong-kong-packages.html]
[dreammytriptourism.com/all-package/russia-packages.html]
[dreammytriptourism.com/all-package/singapore-packages.html]
[dreammytriptourism.com/all-package/mauritius-packages.html]
[dreammytriptourism.com/all-package/australia-packages.html]
[dreammytriptourism.com/all-package/usa-packages.html]
[dreammytriptourism.com/all-package/malaysia-packages.html]
[dreammytriptourism.com/all-package/canada.html]
[dreammytriptourism.com/all-package/switzerland-packages.html]
[dreammytriptourism.com/all-package/indonesia-bali.html]
[dreammytriptourism.com/all-package/greece-packages.html]
[dreammytriptourism.com/all-package/lakshadweep-packages.html]
[dreammytriptourism.com/page/myaccounts/index.html]
[dreammytriptourism.com/page/agents/index.html]
[dreammytriptourism.com/pageimage/76629916.jpg]
[dreammytriptourism.com/pageimage/22556094.jpg]
[dreammytriptourism.com/pageimage/47998859.jpg]
[dreammytriptourism.com/productimage/31258810.png]
[dreammytriptourism.com/productimage/49927716.png]
[dreammytriptourism.com/productimage/35580845.png]
[dreammytriptourism.com/productimage/65108033.png]
[dreammytriptourism.com/productimage/72782239.png]
[dreammytriptourism.com/productimage/49081930.png]
[dreammytriptourism.com/productimage/49718709.png]
[dreammytriptourism.com/galleryimage/83157454.jpg]
[dreammytriptourism.com/galleryimage/83195655.jpg]
[dreammytriptourism.com/galleryimage/82166057.jpg]
[dreammytriptourism.com/about-us.html]
[dreammytriptourism.com/pageimage/57719486.jpg]
[dreammytriptourism.com/contact-us.html]
[dreammytriptourism.com/all-package/andaman-nicobar-packages.html]
[dreammytriptourism.com/all-package/jammu-kashmir-package.html]
[dreammytriptourism.com/all-package/kerala-packages.html]
[dreammytriptourism.com/tripimage/39869346.jpg]
[dreammytriptourism.com/all-package/munnar-packages-coming-soon.html]
[dreammytriptourism.com/tripimage/21484946.jpg]
[dreammytriptourism.com/tripimage/56699684.jpg]
[dreammytriptourism.com/tripimage/89648035.jpg]
[dreammytriptourism.com/tripimage/80791050.jpg]
[dreammytriptourism.com/tripimage/21756424.jpg]
[dreammytriptourism.com/tripimage/91334037.jpg]
[dreammytriptourism.com/tripimage/86282636.jpg]
[dreammytriptourism.com/tripimage/70302232.jpg]
[dreammytriptourism.com/tripimage/79821242.jpg]
[dreammytriptourism.com/domestic-trips.html]
[dreammytriptourism.com/weekend-trips.html]
[dreammytriptourism.com/tripimage/43059802.jpg]
[dreammytriptourism.com/tripimage/74345137.jpg]
[dreammytriptourism.com/tripimage/58248462.png]
[dreammytriptourism.com/tripimage/82186257.jpg]
[dreammytriptourism.com/tripimage/67888955.jpg]
[dreammytriptourism.com/tripimage/73044377.jpg]
[dreammytriptourism.com/tripimage/13354494.jpg]
[dreammytriptourism.com/tripimage/96407953.jpg]
[dreammytriptourism.com/tripimage/16191280.jpg]
[dreammytriptourism.com/tripimage/50863984.jpg]
[dreammytriptourism.com/all-package/portugal-packages.html]
[dreammytriptourism.com/tripimage/11145018.jpg]
[dreammytriptourism.com/tripimage/12154414.jpg]
[dreammytriptourism.com/tripimage/34403398.jpg]
[dreammytriptourism.com/tripimage/23775208.jpg]
[dreammytriptourism.com/international-trips.html]
[dreammytriptourism.com/tour-details/goa-tour-package-3n-4d.html]
[dreammytriptourism.com/all-package/goa-packages.html]
[dreammytriptourism.com/tour-details/amazing-goa-trip.html]
[dreammytriptourism.com/dream-trips.html]
[dreammytriptourism.com/hotelimage/78218347.html]
[dreammytriptourism.com/payment-security.html]
[dreammytriptourism.com/privacy-policy.html]
[dreammytriptourism.com/user-agreement.html]
[dreammytriptourism.com/terms-conditions.html]
[dreammytriptourism.com/feedback.html]
[dreammytriptourism.com/disclaimer.html]
[dreammytriptourism.com/pageimage/70387511.jpg]
[dreammytriptourism.com/blogimage/48271402.jpg]
[dreammytriptourism.com/blog-details/6.html]
[dreammytriptourism.com/blogimage/26691059.jpg]
[dreammytriptourism.com/blog-details/7.html]
[dreammytriptourism.com/blogimage/52582864.jpg]
[dreammytriptourism.com/blog-details/8.html]
[dreammytriptourism.com/blogimage/19198976.jpg]
[dreammytriptourism.com/blogs.html]
[dreammytriptourism.com/blog-details/9.html]
[dreammytriptourism.com/front/fonts/fontawesome-webfont3e6e3e6e.svg]
[dreammytriptourism.com/front/images/login.html]
[dreammytriptourism.com/front/images/pro-bg.html]
[dreammytriptourism.com/front/images/mm-col-bg.html]
[dreammytriptourism.com/front/images/bg.html]
[dreammytriptourism.com/front/img/cd-icon-menu.html]
[dreammytriptourism.com/front/img/cd-icon-close.html]
[dreammytriptourism.com/front/fonts/glyphicons-halflings-regular.html]
[dreammytriptourism.com/front/fonts/glyphicons-halflings-regulard41dd41d.html]
[dreammytriptourism.com/front/fonts/glyphicons-halflings-regular-2.html]
[dreammytriptourism.com/front/fonts/glyphicons-halflings-regular-3.html]
[dreammytriptourism.com/front/fonts/glyphicons-halflings-regular-4.html]
[dreammytriptourism.com/front/fonts/glyphicons-halflings-regular-5.html]
[dreammytriptourism.com/booking/mussoorie-package.html]
[dreammytriptourism.com/subtripimage/31614340.mussoorie.jpg]
[dreammytriptourism.com/subtripimage/43616654.mussoorie1.jpg]
[dreammytriptourism.com/subtripimage/65280732.mussoorie2.jpg]
[dreammytriptourism.com/subtripimage/17501129.mussoorie4.jpg]
[dreammytriptourism.com/subtripimage/84836482.mussoorie5.jpg]
[dreammytriptourism.com/tour-details/mussoorie-package.html]
[dreammytriptourism.com/booking/agra-trip.html]
[dreammytriptourism.com/subtripimage/83377433.agra.jpg]
[dreammytriptourism.com/subtripimage/16366065.agra1.jpg]
[dreammytriptourism.com/subtripimage/26220822.agra2.jpg]
[dreammytriptourism.com/subtripimage/76609977.agra3.html]
[dreammytriptourism.com/subtripimage/88242428.agra4.jpg]
[dreammytriptourism.com/subtripimage/63460922.mehtab-bagh-agra5.jpg]
[dreammytriptourism.com/subtripimage/44542978.shri-mankameshwar-mandir-agra6.jpg]
[dreammytriptourism.com/tour-details/agra-trip.html]
[dreammytriptourism.com/booking/agra.html]
[dreammytriptourism.com/subtripimage/72586094.agra.jpg]
[dreammytriptourism.com/subtripimage/69853312.mehtab-bagh-agra5.jpg]
[dreammytriptourism.com/tour-details/agra.html]
[dreammytriptourism.com/booking/manali-kasol-solang-tour-packages.html]
[dreammytriptourism.com/subtripimage/75930667.38bdba99-d79f-4d98-a620-79aec16e3516.jpg]
[dreammytriptourism.com/subtripimage/91010431.FB_IMG_1553343840764.jpg]
[dreammytriptourism.com/subtripimage/81401928.manali.png]
[dreammytriptourism.com/subtripimage/99976688.maxresdefault-1024x576.jpg]
[dreammytriptourism.com/subtripimage/64109966.photo-1521354719423-661a3204204f.jpg]
[dreammytriptourism.com/tour-details/manali-kasol-solang-tour-packages.html]
[dreammytriptourism.com/booking/manali-tour-package.html]
[dreammytriptourism.com/subtripimage/92954043.himachal.jpg]
[dreammytriptourism.com/subtripimage/96589369.himalayas.jpg]
[dreammytriptourism.com/subtripimage/76908172.manikaran.jpg]
[dreammytriptourism.com/subtripimage/57633237.Hadimbatemple2.jpg]
[dreammytriptourism.com/subtripimage/80906924.Himachal_1.jpg]
[dreammytriptourism.com/subtripimage/28299350.himachal.jpg]
[dreammytriptourism.com/subtripimage/37316188.Himachal_1.jpg]
[dreammytriptourism.com/tour-details/manali-tour-package.html]
[dreammytriptourism.com/booking/manali-package-by-volvo-bus.html]
[dreammytriptourism.com/tour-details/manali-package-by-volvo-bus.html]
[dreammytriptourism.com/subtripimage/50165020.iftekhar-nibir-PKHwl4CK7j8-unsplash.jpg]
[dreammytriptourism.com/booking/adventure-at-camp-tirthan.html]
[dreammytriptourism.com/subtripimage/98625793.tirthan valley DSC00098.jpg.jpg]
[dreammytriptourism.com/tour-details/adventure-at-camp-tirthan.html]
[dreammytriptourism.com/booking/manali-kasol-solang-valley-and-shishu.html]
[dreammytriptourism.com/subtripimage/42521901.raj-mathur-0vuW7F-47Oo-unsplash.jpg]
[dreammytriptourism.com/tour-details/manali-kasol-solang-valley-and-shishu.html]
[dreammytriptourism.com/booking/shimla-and-kufri.html]
[dreammytriptourism.com/tour-details/shimla-and-kufri.html]
[dreammytriptourism.com/subtripimage/18679436.werrrr.jpg]
[dreammytriptourism.com/booking/rajasthan-package-jaipur.html]
[dreammytriptourism.com/subtripimage/36074155.rahesthan.jpg]
[dreammytriptourism.com/subtripimage/39677681.rahesthan1.jpg]
[dreammytriptourism.com/subtripimage/56659351.rahesthan2.jpg]
[dreammytriptourism.com/subtripimage/89288175.rahesthan3.jpg]
[dreammytriptourism.com/subtripimage/29343737.rahesthan4.jpg]
[dreammytriptourism.com/tour-details/rajasthan-package-jaipur.html]
[dreammytriptourism.com/img/contact/1.html]
[dreammytriptourism.com/img/contact/2.html]
[dreammytriptourism.com/img/contact/3.html]
[dreammytriptourism.com/all-package/munnar-packages-coming-soon.html]
[dreammytriptourism.com/all-package/portugal-packages.html]
[dreammytriptourism.com/booking/goa-tour-package-3n-4d.html]
[dreammytriptourism.com/subtripimage/71710046.switzerland-jungfraujoch-top-of-europe.jpg]
[dreammytriptourism.com/subtripimage/55406834.goa1.jpg]
[dreammytriptourism.com/subtripimage/84969985.goa2.jpg]
[dreammytriptourism.com/subtripimage/26121608.goa3.jpg]
[dreammytriptourism.com/subtripimage/56489635.goa4.jpg]
[dreammytriptourism.com/subtripimage/10469527.goa5.png]
[dreammytriptourism.com/subtripimage/32243107.goa6.jpg]
[dreammytriptourism.com/subtripimage/82765206.watersports_in_Goa.jpg]
[dreammytriptourism.com/tour-details/goa-tour-package-3n-4d.html]
[dreammytriptourism.com/booking/amazing-goa-trip.html]
[dreammytriptourism.com/subtripimage/39551322.goa1.jpg]
[dreammytriptourism.com/subtripimage/78120051.goa2.jpg]
[dreammytriptourism.com/subtripimage/88207518.goa3.jpg]
[dreammytriptourism.com/subtripimage/14890023.goa4.jpg]
[dreammytriptourism.com/subtripimage/83185491.goa5.png]
[dreammytriptourism.com/subtripimage/96324818.goa6.jpg]
[dreammytriptourism.com/subtripimage/52269446.watersports_in_Goa.jpg]
[dreammytriptourism.com/tour-details/amazing-goa-trip.html]
[dreammytriptourism.com/blog-details/6.html]
[dreammytriptourism.com/blog-details/7.html]
[dreammytriptourism.com/blog-details/8.html]
[dreammytriptourism.com/blog-details/9.html]
[dreammytriptourism.com/front/images/search.html]
[ajax.googleapis.com/ajax/libs/jquery/3.5.1/jquery.min.js]
[checkout.razorpay.com/v1/checkout.js]
[dreammytriptourism.com/booking/mussoorie-package.html]
[dreammytriptourism.com/booking/agra-trip.html]
[dreammytriptourism.com/home.html]
[www.wallpapers13.com/wp-content/themes/PixatoDark/assets/stylesheets/reset.css]
[www.wallpapers13.com/wp-content/themes/PixatoDark/assets/stylesheets/text.css]
[www.wallpapers13.com/wp-content/themes/PixatoDark/assets/stylesheets/unsemantic-grid-base.css]
[www.wallpapers13.com/wp-content/themes/PixatoDark/assets/stylesheets/unsemantic-grid-mobile.css]
[www.wallpapers13.com/wp-content/themes/PixatoDark/assets/javascripts/adapt.min.js]
[www.google-analytics.com/analytics.js]
[www.wallpapers13.com/wp-content/themes/PixatoDark/style.css]
[www.wallpapers13.com/wp-content/themes/PixatoDark/assets/stylesheets/widget-stylesc8d8.css]
[www.wallpapers13.com/wp-content/themes/PixatoDark/assets/stylesheets/table-stylesc8d8.css]
[www.wallpapers13.com/wp-content/themes/PixatoDark/assets/stylesheets/form-stylesc8d8.css]
[www.wallpapers13.com/wp-content/themes/PixatoDark/assets/stylesheets/mobile-menuc8d8.css]
[www.wallpapers13.com/wp-includes/css/dist/block-library/style.minc8d8.css]
[www.wallpapers13.com/wp-includes/js/jquery/jquery.minaf6c.js]
[www.wallpapers13.com/wp-includes/js/jquery/jquery-migrate.mind617.js]
[ajax.googleapis.com/ajax/libs/jqueryui/1.5.3/jquery-ui.minc8d8.js]
[www.wallpapers13.com/wp-content/themes/PixatoDark/assets/javascripts/scriptc8d8.js]
[www.wallpapers13.com/wp-content/themes/PixatoDark/images/logo.png]
[pagead2.googlesyndication.com/pagead/js/f.txt]
[www.wallpapers13.com/wp-content/uploads/2018/12/Taj-Mahal-Agra-India-4K-Ultra-HD-Desktop-Wallpapers-for-Computers-Laptop-Tablet-And-Mobile-Phones-3840х2160-915x515.jpg]
[www.wallpapers13.com/wp-content/uploads/2016/01/Catherines-Palace-4-jpg-710x400.jpg]
[www.wallpapers13.com/wp-content/uploads/2016/01/St.-Michaels-Monastery-in-Kiev-102123-710x400.jpg]
[www.wallpapers13.com/wp-content/uploads/2016/01/Ермитаж-92356762-710x400.jpg]
[www.wallpapers13.com/wp-content/uploads/2016/01/Peter-and-Paul-Fortress-Петропавловская-Крепость-88548388-710x400.jpg]
[www.wallpapers13.com/wp-content/uploads/2016/02/Cathedral-Peter-and-Paul-Fortress-Saint-Petersburg-9364-710x400.jpg]
[www.wallpapers13.com/wp-content/uploads/2016/01/Kатедрала-на-свети-Исаак-St.-Petersburgs-St.-Isaacs-Cathedral-88299539-710x400.jpg]
[www.wallpapers13.com/wp-content/uploads/2016/02/Kiev-Pechersk-Lavra-HD-Wallpaper-Hd-73104-710x400.jpg]
[www.wallpapers13.com/wp-content/uploads/2016/01/Russia_CatherinesPalace_Pushkins_5489-710x400.jpg]
[www.wallpapers13.com/wp-content/uploads/2016/01/St_Michaelss_Monestary_and_Cathedral_Kiev_20110919-710x400.jpg]
[www.wallpapers13.com/wp-content/uploads/2016/01/Mosca-Cremlino-cattedrale-dellAnnunciazioe1-710x400.jpg]
[www.wallpapers13.com/wp-content/uploads/2016/09/Grand-Mosque-Sheikh-Zayed-Abu-Dhabi-main-prayer-hall-largest-carpet-in-the-world-5627-m-2-heavy-35-tons-mostly-made-of-wool-710x400.jpg]
[www.wallpapers13.com/wp-content/uploads/2016/02/Saint-Sophia-Cathedral-in-Kiev-0467-710x400.jpg]
[dreammytriptourism.com/subtripimage/76609977.agra3.html]
[dreammytriptourism.com/booking/agra.html]
[dreammytriptourism.com/booking/manali-kasol-solang-tour-packages.html]
[dreammytriptourism.com/booking/manali-tour-package.html]
[dreammytriptourism.com/booking/manali-package-by-volvo-bus.html]
[dreammytriptourism.com/booking/adventure-at-camp-tirthan.html]
[dreammytriptourism.com/booking/manali-kasol-solang-valley-and-shishu.html]
[dreammytriptourism.com/booking/shimla-and-kufri.html]
[dreammytriptourism.com/booking/rajasthan-package-jaipur.html]
[dreammytriptourism.com/booking/goa-tour-package-3n-4d.html]
[dreammytriptourism.com/booking/amazing-goa-trip.html]
[dreammytriptourism.com/home.html]
[www.wallpapers13.com/wp-content/themes/PixatoDark/assets/stylesheets/reset.css]
[www.wallpapers13.com/wp-content/themes/PixatoDark/assets/stylesheets/text.css]
[www.wallpapers13.com/wp-content/themes/PixatoDark/assets/stylesheets/unsemantic-grid-base.css]
[www.wallpapers13.com/wp-content/themes/PixatoDark/assets/stylesheets/unsemantic-grid-mobile.css]
[dreammytriptourism.com/subtripimage/340 to 767px = unsemantic-grid-tablet.html]
[dreammytriptourism.com/subtripimage/767px = unsemantic-grid-desktop.html]
[www.wallpapers13.com/wp-includes/js/wp-embed.minc8d8.js]
[www.wallpapers13.com/wp-content/themes/PixatoDark/images/common-images/quote.png]
[www.wallpapers13.com/wp-content/themes/PixatoDark/images/common-images/bullet_black.png]
[www.wallpapers13.com/wp-content/themes/PixatoDark/images/icons/date.png]
[www.wallpapers13.com/wp-content/themes/PixatoDark/images/icons/comment.png]
[www.wallpapers13.com/wp-content/themes/PixatoDark/images/icons/author.png]
[www.wallpapers13.com/wp-content/themes/PixatoDark/images/icons/category.png]
[www.wallpapers13.com/wp-content/themes/PixatoDark/images/icons/comment_bubble.png]
[www.wallpapers13.com/wp-content/themes/PixatoDark/images/common-images/speech-bubble.png]
[www.wallpapers13.com/wp-content/themes/PixatoDark/images/common-images/speech-bubble-alt.png]
[www.wallpapers13.com/wp-content/themes/PixatoDark/images/common-images/clock.png]
[www.wallpapers13.com/wp-content/themes/PixatoDark/images/common-images/speech-bubble-bg.png]
[www.wallpapers13.com/wp-content/themes/PixatoDark/images/common-images/speech-bubble-bg-alt.png]
[www.wallpapers13.com/wp-content/themes/PixatoDark/images/common-images/footer-list.png]
[www.wallpapers13.com/wp-content/themes/PixatoDark/12_col.gif]
[www.wallpapers13.com/wp-content/themes/PixatoDark/style.css]
[www.wallpapers13.com/wp-content/themes/PixatoDark/assets/stylesheets/widget-stylesc8d8.css]
[www.wallpapers13.com/wp-content/themes/PixatoDark/assets/stylesheets/table-stylesc8d8.css]
[www.wallpapers13.com/wp-content/themes/PixatoDark/assets/stylesheets/form-stylesc8d8.css]
[www.wallpapers13.com/wp-content/themes/PixatoDark/images/common-images/menu-icon.png]
[www.wallpapers13.com/wp-content/themes/PixatoDark/assets/stylesheets/mobile-menuc8d8.css]
[www.wallpapers13.com/wp-includes/css/dist/block-library/style.minc8d8.css]
[www.wallpapers13.com/wp-content/uploads/2018/12/Taj-Mahal-Agra-India-4K-Ultra-HD-Desktop-Wallpapers-for-Computers-Laptop-Tablet-And-Mobile-Phones-3840х2160-915x515.html]
[www.wallpapers13.com/wp-content/uploads/2016/01/Catherines-Palace-4-jpg-710x400.html]
[www.wallpapers13.com/wp-content/uploads/2016/01/St.-Michaels-Monastery-in-Kiev-102123-710x400.html]
[www.wallpapers13.com/wp-content/uploads/2016/01/Ермитаж-92356762-710x400.html]
[www.wallpapers13.com/wp-content/uploads/2016/01/Peter-and-Paul-Fortress-Петропавловская-Крепость-88548388-710x400.html]
[www.wallpapers13.com/wp-content/uploads/2016/02/Cathedral-Peter-and-Paul-Fortress-Saint-Petersburg-9364-710x400.html]
[www.wallpapers13.com/wp-content/uploads/2016/01/Kатедрала-на-свети-Исаак-St.-Petersburgs-St.-Isaacs-Cathedral-88299539-710x400.html]
[www.wallpapers13.com/wp-content/uploads/2016/02/Kiev-Pechersk-Lavra-HD-Wallpaper-Hd-73104-710x400.html]
[www.wallpapers13.com/wp-content/uploads/2016/01/Russia_CatherinesPalace_Pushkins_5489-710x400.html]
[www.wallpapers13.com/wp-content/uploads/2016/01/St_Michaelss_Monestary_and_Cathedral_Kiev_20110919-710x400.html]
[www.wallpapers13.com/wp-content/uploads/2016/01/Mosca-Cremlino-cattedrale-dellAnnunciazioe1-710x400.html]
[www.wallpapers13.com/wp-content/uploads/2016/09/Grand-Mosque-Sheikh-Zayed-Abu-Dhabi-main-prayer-hall-largest-carpet-in-the-world-5627-m-2-heavy-35-tons-mostly-made-of-wool-710x400.html]
[www.wallpapers13.com/wp-content/uploads/2016/02/Saint-Sophia-Cathedral-in-Kiev-0467-710x400.html]
[www.wallpapers13.com/wp-content/themes/PixatoDark/images/icons/date.html]
[www.wallpapers13.com/wp-content/themes/PixatoDark/images/icons/comment.html]
[www.wallpapers13.com/wp-content/themes/PixatoDark/images/icons/author.html]
[www.wallpapers13.com/wp-content/themes/PixatoDark/images/icons/category.html]
[www.wallpapers13.com/wp-content/themes/PixatoDark/images/icons/comment_bubble.html]
[www.wallpapers13.com/wp-content/themes/PixatoDark/images/common-images/speech-bubble.html]
[www.wallpapers13.com/wp-content/themes/PixatoDark/images/common-images/speech-bubble-alt.html]
[www.wallpapers13.com/wp-content/themes/PixatoDark/images/common-images/clock.html]
[www.wallpapers13.com/wp-content/themes/PixatoDark/images/common-images/speech-bubble-bg.html]
[www.wallpapers13.com/wp-content/themes/PixatoDark/images/common-images/speech-bubble-bg-alt.html]
[www.wallpapers13.com/wp-content/themes/PixatoDark/12_col.html]
